[
  {
    "Image1": "gcr.io/gcp-runtimes/apt-base",
    "Image2": "gcr.io/gcp-runtimes/apt-modified",
    "DiffType": "Apt",
    "Diff": {
      "Packages1": {
        "dh-python": {
          "Version": "2.20170125",
          "Size": 411648
        },
        "libmpdec2": {
          "Version": "2.4.2-1",
          "Size": 260096
        },
        "libpython3-stdlib": {
          "Version": "3.5.3-1",
          "Size": 36864
        },
        "libpython3.5-minimal": {
          "Version": "3.5.3-1",
          "Size": 3836928
        },
        "libpython3.5-stdlib": {
          "Version": "3.5.3-1",
          "Size": 10133504
        },
        "python3": {
          "Version": "3.5.3-1",
          "Size": 68608
        },
        "python3-minimal": {
          "Version": "3.5.3-1",
          "Size": 122880
        },
        "python3.5": {
          "Version": "3.5.3-1",
          "Size": 326656
        },
        "python3.5-minimal": {
          "Version": "3.5.3-1",
          "Size": 9636864
        }
      },
      "Packages2": {
        "libffi6": {
          "Version": "3.2.1-6",
          "Size": 57344
        },
        "libpython-stdlib": {
          "Version": "2.7.13-2",
          "Size": 37888
        },
        "libpython2.7-minimal": {
          "Version": "2.7.13-2",
          "Size": 2833408
        },
        "libpython2.7-stdlib": {
          "Version": "2.7.13-2",
          "Size": 8755200
        },
        "python": {
          "Version": "2.7.13-2",
          "Size": 663552
        },
        "python-minimal": {
          "Version": "2.7.13-2",
          "Size": 148480
        },
        "python2.7": {
          "Version": "2.7.13-2",
          "Size": 367616
        },
        "python2.7-minimal": {
          "Version": "2.7.13-2",
          "Size": 3911680
        }
      },
      "InfoDiff": []
    }
  }
]