[
  {
    "Image1": "gcr.io/gcp-runtimes/diff-layer-base",
    "Image2": "gcr.io/gcp-runtimes/diff-layer-modified",
    "DiffType": "FileLayer",
    "Diff": {
      "DirDiffs": [
        {
          "Adds": null,
          "Dels": null,
          "Mods": null
        },
        {
          "Adds": [
            {
              "Name": "/modified",
              "Size": 9
            }
          ],
          "Dels": [
            {
              "Name": "/second",
              "Size": 7
            }
          ],
          "Mods": null
        },
        {
          "Adds": null,
          "Dels": [
            {
              "Name": "/third",
              "Size": 6
            }
          ],
          "Mods": null
        }
      ]
    }
  }
]