[
  {
    "Image1": "gcr.io/gcp-runtimes/node-base",
    "Image2": "gcr.io/gcp-runtimes/node-modified",
    "DiffType": "Node",
    "Diff": {
      "Packages1": {},
      "Packages2": {
        "pax": {
          "/node_modules/pax/": {
            "Version": "0.2.1",
            "Size": "11365"
          }
        }
      },
      "InfoDiff": [
        {
          "Package": "sax",
          "Info1": [
            {
              "Version": "1.2.4",
              "Size": "55471"
            }
          ],
          "Info2": [
            {
              "Version": "0.1.1",
              "Size": "127390"
            }
          ]
        }
      ]
    }
  }
]
