[
  {
    "Image": "gcr.io/gcp-runtimes/pip-modified",
    "AnalyzeType": "Pip",
    "Analysis": [
      {
        "Name": "mock",
        "Path": "/usr/local/lib/python3.6/site-packages",
        "Version": "2.0.0",
        "Size": 504226
      },
      {
        "Name": "pbr",
        "Path": "/usr/local/lib/python3.6/site-packages",
        "Version": "3.1.1",
        "Size": 447110
      },
      {
        "Name": "pip",
        "Path": "/usr/local/lib/python3.6/site-packages",
        "Version": "9.0.1",
        "Size": 5289421
      },
      {
        "Name": "setuptools",
        "Path": "/usr/local/lib/python3.6/site-packages",
        "Version": "36.0.1",
        "Size": 837337
      },
      {
        "Name": "six",
        "Path": "/usr/local/lib/python3.6/site-packages",
        "Version": "1.10.0",
        "Size": 30098
      },
      {
        "Name": "wheel",
        "Path": "/usr/local/lib/python3.6/site-packages",
        "Version": "0.29.0",
        "Size": 103509
      }
    ]
  }
]